[11:30:25] [main/INFO] (FabricLoader/GameProvider) Loading Minecraft 1.20.1 with Fabric Loader 0.16.14
[11:30:26] [main/WARN] (FabricLoader/Resolution) Mod resolution failed
[11:30:26] [main/INFO] (FabricLoader/Resolution) Immediate reason: [HARD_DEP_INCOMPATIBLE_PRESELECTED architectury 13.0.8 {depends minecraft @ [~1.21-]}, ROOT_FORCELOAD_SINGLE architectury 13.0.8]
[11:30:26] [main/INFO] (FabricLoader/Resolution) Reason: [HARD_DEP architectury 13.0.8 {depends minecraft @ [~1.21-]}, HARD_DEP fabric-api 0.100.0+1.21 {depends minecraft @ [>=1.21- <1.21.1-]}, HARD_DEP cloth-config 15.0.127 {depends minecraft @ [>=1.21-]}, HARD_DEP fabric-convention-tags-v2 2.2.0+bf2c39087c {depends minecraft @ [>=1.20.5-beta.1]}, HARD_DEP modmenu 11.0.1 {depends minecraft @ [>=1.21-beta.2]}]
[11:30:26] [main/INFO] (FabricLoader/Resolution) Fix: add [], remove [], replace [[modmenu 11.0.1] -> add:modmenu 1 ([(-∞,∞)]), [architectury 13.0.8] -> add:architectury 9.2.14 ([[9.2.14,∞)]), [minecraft 1.20.1] -> add:minecraft 1.20.5-beta.1 ([[1.20.5-beta.1,1.21-)]), [cloth-config 15.0.127] -> add:cloth-config 1 ([(-∞,∞)]), [fabric-api 0.100.0+1.21] -> add:fabric-api 0.100.0 ([(-∞,∞)])]
[11:30:26] [main/ERROR] (FabricLoader) Incompatible mods found!
net.fabricmc.loader.impl.FormattedException: Some of your mods are incompatible with the game or each other!
A potential solution has been determined, this may resolve your problem:
	 - Replace mod 'Mod Menu' (modmenu) 11.0.1 with any version that is compatible with:
		 - minecraft, any version between 1.20.5-beta.1 (inclusive) and 1.21- (exclusive)
	 - Replace mod 'Architectury' (architectury) 13.0.8 with version 9.2.14 or later that is compatible with:
		 - minecraft, any version between 1.20.5-beta.1 (inclusive) and 1.21- (exclusive)
		 - fabric-api, any version
	 - Replace 'Minecraft' (minecraft) 1.20.1 with any version between 1.20.5-beta.1 (inclusive) and 1.21- (exclusive).
	 - Replace mod 'Cloth Config v15' (cloth-config) 15.0.127 with any version that is compatible with:
		 - minecraft, any version between 1.20.5-beta.1 (inclusive) and 1.21- (exclusive)
	 - Replace mod 'Fabric API' (fabric-api) 0.100.0+1.21 with any version that is compatible with:
		 - minecraft, any version between 1.20.5-beta.1 (inclusive) and 1.21- (exclusive)
More details:
	 - Mod 'Architectury' (architectury) 13.0.8 requires any 1.21.x version of 'Minecraft' (minecraft), but only the wrong version is present: 1.20.1!
	 - Mod 'Fabric API' (fabric-api) 0.100.0+1.21 requires any version between 1.21- (inclusive) and 1.21.1- (exclusive) of 'Minecraft' (minecraft), but only the wrong version is present: 1.20.1!
	 - Mod 'Cloth Config v15' (cloth-config) 15.0.127 requires version 1.21- or later of 'Minecraft' (minecraft), but only the wrong version is present: 1.20.1!
	 - Mod 'Fabric Convention Tags (v2)' (fabric-convention-tags-v2) 2.2.0+bf2c39087c requires version 1.20.5-beta.1 or later of 'Minecraft' (minecraft), but only the wrong version is present: 1.20.1!
	 - Mod 'Mod Menu' (modmenu) 11.0.1 requires version 1.21-beta.2 or later of 'Minecraft' (minecraft), but only the wrong version is present: 1.20.1!
	at net.fabricmc.loader.impl.FormattedException.ofLocalized(FormattedException.java:51) ~[fabric-loader-0.16.14.jar:?]
	at net.fabricmc.loader.impl.FabricLoaderImpl.load(FabricLoaderImpl.java:196) ~[fabric-loader-0.16.14.jar:?]
	at net.fabricmc.loader.impl.launch.knot.Knot.init(Knot.java:146) ~[fabric-loader-0.16.14.jar:?]
	at net.fabricmc.loader.impl.launch.knot.Knot.launch(Knot.java:68) ~[fabric-loader-0.16.14.jar:?]
	at net.fabricmc.loader.impl.launch.knot.KnotClient.main(KnotClient.java:23) ~[fabric-loader-0.16.14.jar:?]
	at net.fabricmc.devlaunchinjector.Main.main(Main.java:86) ~[?:?]
	at dev.architectury.transformer.TransformerRuntime.main(TransformerRuntime.java:220) ~[?:?]
